
> react-vite-tailwind@0.0.0 test
> vitest run


[1m[30m[46m RUN [49m[39m[22m [36mv4.1.10 [39m[90mC:/embedded/automotive-embedded-project-generator[39m

 [32m??[39m src/mentor/highlight.test.ts [2m([22m[2m14 tests[22m[2m)[22m[32m 14[2mms[22m[39m
 [32m??[39m src/mentor/analyzer.test.ts [2m([22m[2m13 tests[22m[2m)[22m[32m 21[2mms[22m[39m
 [32m??[39m src/data/strategy.test.ts [2m([22m[2m14 tests[22m[2m)[22m[32m 19[2mms[22m[39m
 [31m??[39m src/offline/interpreter.test.ts [2m([22m[2m37 tests[22m[2m | [22m[31m2 failed[39m[2m)[22m[32m 143[2mms[22m[39m
     [32m??[39m ?뺤닔쨌?ㅼ닔 ?곗닠怨??곗궛???곗꽑?쒖쐞[32m 11[2mms[22m[39m
     [32m??[39m 16吏꾩닔 由ы꽣??0x/0X) ?뚯떛[32m 1[2mms[22m[39m
     [32m??[39m 鍮꾪듃 ?곗궛 / ?쒗봽??/ ?쇰━[32m 1[2mms[22m[39m
     [32m??[39m 湲곕낯 ?쒖떇 吏?뺤옄 %d %u %x %X %f %.2f %e %g %c %s[32m 1[2mms[22m[39m
     [32m??[39m ??/ 0 ?⑤뵫 / 醫뚯륫 ?뺣젹 / %%[32m 1[2mms[22m[39m
     [32m??[39m if / else[32m 2[2mms[22m[39m
     [32m??[39m while[32m 1[2mms[22m[39m
     [32m??[39m for (?좎뼵/利앷컧 ?ы븿)[32m 1[2mms[22m[39m
     [32m??[39m do-while[32m 1[2mms[22m[39m
     [32m??[39m switch (+break) / default[32m 1[2mms[22m[39m
     [32m??[39m break / continue[32m 1[2mms[22m[39m
     [32m??[39m 珥덇린??由ъ뒪??/ ?몃뜳??/ ???[32m 2[2mms[22m[39m
     [32m??[39m sizeof(arr)/sizeof(arr[0]) ?⑦꽩[32m 1[2mms[22m[39m
     [32m??[39m & / * / ?ъ씤???몄옄 (媛?援먰솚)[32m 1[2mms[22m[39m
     [32m??[39m 諛곗뿴 decay + ?ъ씤???곗닠 (諛곗뿴 + ?뺤닔)[32m 1[2mms[22m[39m
     [32m??[39m 臾몄옄??由ы꽣?댁쓣 char* 濡?/ char 由ы꽣??[32m 1[2mms[22m[39m
     [32m??[39m 媛??ъ씤???몄옄 ?꾨떖 + ?ш?(factorial)[32m 1[2mms[22m[39m
     [32m??[39m 以묒꺽 ?ㅼ퐫??(釉붾줉 ???좎뼵)[32m 0[2mms[22m[39m
     [32m??[39m strlen / strcmp[32m 0[2mms[22m[39m
     [32m??[39m memcpy / memset[32m 1[2mms[22m[39m
     [32m??[39m rand / srand[32m 1[2mms[22m[39m
     [32m??[39m ?섑븰 ?⑥닔 (sqrt/pow/abs/floor ??[32m 1[2mms[22m[39m
     [32m??[39m typedef enum + #define 留ㅽ겕濡?移섑솚 + // ? /* */ 二쇱꽍[32m 1[2mms[22m[39m
     [32m??[39m typedef enum ??紐낆떆??媛?/ auto-increment[32m 1[2mms[22m[39m
     [32m??[39m char buf[] = "abc" 諛?nul 醫낅즺 ?숈옉[32m 1[2mms[22m[39m
     [32m??[39m ?뺤쓽?섏? ?딆? 蹂?? ok=false, error.line>0[32m 1[2mms[22m[39m
     [32m??[39m main() ?놁쓬[32m 0[2mms[22m[39m
[31m     [31m횞[31m struct 吏???뚯뒪??[39m[32m 11[2mms[22m[39m
     [32m??[39m typedef enum 吏???뚯뒪??[32m 1[2mms[22m[39m
[31m     [31m횞[31m union 吏???뚯뒪??[39m[32m 2[2mms[22m[39m
     [32m??[39m 2李⑥썝 諛곗뿴 嫄곕?[32m 1[2mms[22m[39m
     [32m??[39m 諛곗뿴 ?몃뜳??踰붿쐞 珥덇낵 ??? ok=false, error.line ?ы븿[32m 1[2mms[22m[39m
     [32m??[39m 諛곗뿴 ?뚯닔 ?몃뜳????? ?ㅻ쪟 諛쒖깮[32m 1[2mms[22m[39m
     [32m??[39m 蹂듯빀 ???+=-)??踰붿쐞 珥덇낵: ?ㅻ쪟 諛쒖깮[32m 1[2mms[22m[39m
     [32m??[39m 利앷컧(++)??踰붿쐞 珥덇낵: ?ㅻ쪟 諛쒖깮[32m 1[2mms[22m[39m
     [32m??[39m goto 嫄곕?[32m 0[2mms[22m[39m
     [32m??[39m 臾댄븳 猷⑦봽 step ?쒗븳(300留? ?몃━嫄?[32m 88[2mms[22m[39m
 [32m??[39m src/data/competition.test.ts [2m([22m[2m4 tests[22m[2m)[22m[32m 11[2mms[22m[39m
 [32m??[39m src/data/samples.test.ts [2m([22m[2m11 tests[22m[2m)[22m[32m 79[2mms[22m[39m
 [32m??[39m src/utils/codegen.test.ts [2m([22m[2m21 tests[22m[2m)[22m[32m 19[2mms[22m[39m
 [32m??[39m src/components/SerialLab.test.tsx [2m([22m[2m5 tests[22m[2m)[22m[33m 444[2mms[22m[39m
 [31m??[39m src/components/GitHubDeploy.test.tsx [2m([22m[2m4 tests[22m[2m | [22m[31m3 failed[39m[2m)[22m[33m 1305[2mms[22m[39m
     [32m??[39m token state renders with initial empty string[32m 46[2mms[22m[39m
[31m     [31m횞[31m deploy function calls API with proper headers and token[39m[33m 737[2mms[22m[39m
[31m     [31m횞[31m finally block sets token to empty string after deploy completes[39m[32m 296[2mms[22m[39m
[31m     [31m횞[31m deploy function handles error cases and still clears token in finally block[39m[32m 225[2mms[22m[39m

??렞??렞??렞??[39m Failed Tests 5 ??렞??렞??렞??[39m

 FAIL  src/components/GitHubDeploy.test.tsx > GitHubDeploy > deploy function calls API with proper headers and token
TypeError: Cannot read properties of undefined (reading 'includes')
 ??[22m src/components/GitHubDeploy.test.tsx:76:64
     74|       const deployBtn = Array.from(allButtons).find((btn) => {
     75|         const classes = btn.className || '';
     76|         return classes.includes('rounded-xl') && btn.innerText.include??       |                                                                ^
     77|       });
     78|       expect(deployBtn).toBeDefined();
 ??[22m src/components/GitHubDeploy.test.tsx:74:48

??렞??렞??렞??렞??렞??렞??렞??렞??렞??렞??렞??렞[1/5]??[22m

 FAIL  src/components/GitHubDeploy.test.tsx > GitHubDeploy > finally block sets token to empty string after deploy completes
TypeError: Cannot read properties of undefined (reading 'includes')
 ??[22m src/components/GitHubDeploy.test.tsx:115:64
    113|       const deployBtn = Array.from(allButtons).find((btn) => {
    114|         const classes = btn.className || '';
    115|         return classes.includes('rounded-xl') && btn.innerText.include??       |                                                                ^
    116|       });
    117|       expect(deployBtn).toBeDefined();
 ??[22m src/components/GitHubDeploy.test.tsx:113:48

??렞??렞??렞??렞??렞??렞??렞??렞??렞??렞??렞??렞[2/5]??[22m

 FAIL  src/components/GitHubDeploy.test.tsx > GitHubDeploy > deploy function handles error cases and still clears token in finally block
TypeError: Cannot read properties of undefined (reading 'includes')
 ??[22m src/components/GitHubDeploy.test.tsx:163:64
    161|       const deployBtn = Array.from(allButtons).find((btn) => {
    162|         const classes = btn.className || '';
    163|         return classes.includes('rounded-xl') && btn.innerText.include??       |                                                                ^
    164|       });
    165|       expect(deployBtn).toBeDefined();
 ??[22m src/components/GitHubDeploy.test.tsx:161:48

??렞??렞??렞??렞??렞??렞??렞??렞??렞??렞??렞??렞[3/5]??[22m

 FAIL  src/offline/interpreter.test.ts > runC ???ㅻ쪟 耳?댁뒪 > struct 吏???뚯뒪??AssertionError: ?ㅽ뻾 ?ㅽ뙣: '}' ?꾩슂 (?ㅼ젣: ';') (line 2)
?뚯뒪:

struct frame { int id; };
int main(void) {
    struct frame s;
    s.id = 42;
    printf("%d\n", s.id);
    return 0;
}: expected false to be true // Object.is equality

- Expected
+ Received

- true
+ false

 ??[22m okOutput src/offline/interpreter.test.ts:6:83
      4| function okOutput(src: string): string {
      5|   const r = runC(src);
      6|   expect(r.ok, `?ㅽ뻾 ?ㅽ뙣: ${r.error?.message} (line ${r.error?.line})\n?뚯뒪??       |                                                                                   ^
      7|   return r.output;
      8| }
 ??[22m src/offline/interpreter.test.ts:396:17

??렞??렞??렞??렞??렞??렞??렞??렞??렞??렞??렞??렞[4/5]??[22m

 FAIL  src/offline/interpreter.test.ts > runC ???ㅻ쪟 耳?댁뒪 > union 吏???뚯뒪??AssertionError: ?ㅽ뻾 ?ㅽ뙣: '}' ?꾩슂 (?ㅼ젣: ';') (line 2)
?뚯뒪:

union u { int a; char b; };
int main(void) {
    union u v;
    v.a = 10;
    printf("%d\n", v.a);
    return 0;
}: expected false to be true // Object.is equality

- Expected
+ Received

- true
+ false

 ??[22m okOutput src/offline/interpreter.test.ts:6:83
      4| function okOutput(src: string): string {
      5|   const r = runC(src);
      6|   expect(r.ok, `?ㅽ뻾 ?ㅽ뙣: ${r.error?.message} (line ${r.error?.line})\n?뚯뒪??       |                                                                                   ^
      7|   return r.output;
      8| }
 ??[22m src/offline/interpreter.test.ts:419:17

??렞??렞??렞??렞??렞??렞??렞??렞??렞??렞??렞??렞[5/5]??[22m


[2m Test Files [22m [1m[31m2 failed[39m[22m[2m | [22m[1m[32m7 passed[39m[22m[90m (9)[39m
[2m      Tests [22m [1m[31m5 failed[39m[22m[2m | [22m[1m[32m118 passed[39m[22m[90m (123)[39m
[2m   Start at [22m 21:50:38
[2m   Duration [22m 6.88s[2m (transform 2.14s, setup 0ms, import 4.68s, tests 2.06s, environment 35.84s)[22m

